2025-12-02 21:31:46,597 INFO 
Hyperparameters:
train_csv           : /home/caojiaxiang/brain age/cjx/5-fold/train_1.csv
val_csv             : /home/caojiaxiang/brain age/cjx/5-fold/val_1.csv
batch_size          : 4
num_workers         : 4
channel             : 16
embed_dim           : 128
lambda_consistency  : 0.02
lambda_grad         : 0.1
lambda_rba          : 0.001
epochs              : 400
learning_rate       : 1e-07
weight_decay        : 0.01
log_dir             : ./training_logs
experiment_name     : T1wRBA_Mature
augmentation        : True
reshape             : (91, 109, 91)
num_regions         : 117
resume_from_checkpoint: None
2025-12-02 21:31:46,610 INFO 
Hyperparameters:
train_csv           : /home/caojiaxiang/brain age/cjx/5-fold/train_1.csv
val_csv             : /home/caojiaxiang/brain age/cjx/5-fold/val_1.csv
batch_size          : 4
num_workers         : 4
channel             : 16
embed_dim           : 128
lambda_consistency  : 0.02
lambda_grad         : 0.1
lambda_rba          : 0.001
epochs              : 400
learning_rate       : 1e-07
weight_decay        : 0.01
log_dir             : ./training_logs
experiment_name     : T1wRBA_Mature
augmentation        : True
reshape             : (91, 109, 91)
num_regions         : 117
resume_from_checkpoint: None
2025-12-02 21:31:46,690 INFO 
Hyperparameters:
train_csv           : /home/caojiaxiang/brain age/cjx/5-fold/train_1.csv
val_csv             : /home/caojiaxiang/brain age/cjx/5-fold/val_1.csv
batch_size          : 4
num_workers         : 4
channel             : 16
embed_dim           : 128
lambda_consistency  : 0.02
lambda_grad         : 0.1
lambda_rba          : 0.001
epochs              : 400
learning_rate       : 1e-07
weight_decay        : 0.01
log_dir             : ./training_logs
experiment_name     : T1wRBA_Mature
augmentation        : True
reshape             : (91, 109, 91)
num_regions         : 117
resume_from_checkpoint: None
2025-12-02 21:31:46,709 INFO 
Hyperparameters:
train_csv           : /home/caojiaxiang/brain age/cjx/5-fold/train_1.csv
val_csv             : /home/caojiaxiang/brain age/cjx/5-fold/val_1.csv
batch_size          : 4
num_workers         : 4
channel             : 16
embed_dim           : 128
lambda_consistency  : 0.02
lambda_grad         : 0.1
lambda_rba          : 0.001
epochs              : 400
learning_rate       : 1e-07
weight_decay        : 0.01
log_dir             : ./training_logs
experiment_name     : T1wRBA_Mature
augmentation        : True
reshape             : (91, 109, 91)
num_regions         : 117
resume_from_checkpoint: None
2025-12-02 21:31:46,721 INFO 
Hyperparameters:
train_csv           : /home/caojiaxiang/brain age/cjx/5-fold/train_1.csv
val_csv             : /home/caojiaxiang/brain age/cjx/5-fold/val_1.csv
batch_size          : 4
num_workers         : 4
channel             : 16
embed_dim           : 128
lambda_consistency  : 0.02
lambda_grad         : 0.1
lambda_rba          : 0.001
epochs              : 400
learning_rate       : 1e-07
weight_decay        : 0.01
log_dir             : ./training_logs
experiment_name     : T1wRBA_Mature
augmentation        : True
reshape             : (91, 109, 91)
num_regions         : 117
resume_from_checkpoint: None
2025-12-02 21:31:46,937 INFO 
Hyperparameters:
train_csv           : /home/caojiaxiang/brain age/cjx/5-fold/train_1.csv
val_csv             : /home/caojiaxiang/brain age/cjx/5-fold/val_1.csv
batch_size          : 4
num_workers         : 4
channel             : 16
embed_dim           : 128
lambda_consistency  : 0.02
lambda_grad         : 0.1
lambda_rba          : 0.001
epochs              : 400
learning_rate       : 1e-07
weight_decay        : 0.01
log_dir             : ./training_logs
experiment_name     : T1wRBA_Mature
augmentation        : True
reshape             : (91, 109, 91)
num_regions         : 117
resume_from_checkpoint: None
2025-12-02 21:31:47,163 INFO 
Hyperparameters:
train_csv           : /home/caojiaxiang/brain age/cjx/5-fold/train_1.csv
val_csv             : /home/caojiaxiang/brain age/cjx/5-fold/val_1.csv
batch_size          : 4
num_workers         : 4
channel             : 16
embed_dim           : 128
lambda_consistency  : 0.02
lambda_grad         : 0.1
lambda_rba          : 0.001
epochs              : 400
learning_rate       : 1e-07
weight_decay        : 0.01
log_dir             : ./training_logs
experiment_name     : T1wRBA_Mature
augmentation        : True
reshape             : (91, 109, 91)
num_regions         : 117
resume_from_checkpoint: None
2025-12-02 21:31:47,216 INFO 
Hyperparameters:
train_csv           : /home/caojiaxiang/brain age/cjx/5-fold/train_1.csv
val_csv             : /home/caojiaxiang/brain age/cjx/5-fold/val_1.csv
batch_size          : 4
num_workers         : 4
channel             : 16
embed_dim           : 128
lambda_consistency  : 0.02
lambda_grad         : 0.1
lambda_rba          : 0.001
epochs              : 400
learning_rate       : 1e-07
weight_decay        : 0.01
log_dir             : ./training_logs
experiment_name     : T1wRBA_Mature
augmentation        : True
reshape             : (91, 109, 91)
num_regions         : 117
resume_from_checkpoint: None
